
Extension Test Report
Generated: 2026-02-01T02:00:27.902Z
Duration: 7.84s

SUMMARY
=======
Tests Run: 49
Passed: 49
Failed: 0
Warnings: 3
Pass Rate: 100.0%

PASSED TESTS
============
✓ Node.js installed
✓ npm installed
✓ TypeScript available
✓ package.json exists
✓ package.json has 'name'
✓ package.json has 'displayName'
✓ package.json has 'description'
✓ package.json has 'version'
✓ package.json has 'publisher'
✓ package.json has 'engines'
✓ package.json has 'categories'
✓ package.json has 'activationEvents'
✓ package.json has 'main'
✓ package.json has 'contributes'
✓ Valid version format
✓ VS Code engine specified
✓ Markdown contributions exist
✓ Main entry point exists
✓ File exists: package.json
✓ File exists: tsconfig.json
✓ File exists: README.md
✓ File exists: src/extension.ts
✓ File exists: src/previewEnhancer.ts
✓ File exists: src/preview/previewScript.ts
✓ File exists: src/services/themeManager.ts
✓ File exists: src/services/tokenizationService.ts
✓ File exists: src/services/cacheManager.ts
✓ File exists: src/services/configurationManager.ts
✓ File exists: src/services/performanceMonitor.ts
✓ File exists: src/utils/errorHandler.ts
✓ node_modules exists
✓ Dependency: typescript
✓ Dependency: @types/vscode
✓ Dependency: @types/node
✓ tsconfig.json exists
✓ Target specified
✓ Module system specified
✓ Output directory specified
✓ Source maps enabled
✓ Strict mode
✓ .vscodeignore exists
✓ README.md exists
✓ TypeScript compilation
✓ Output directory created
✓ Compiled: out/extension.js
✓ Compiled: out/previewEnhancer.js
✓ Compiled: out/preview/previewScript.js
✓ vsce available
✓ Package structure valid



WARNINGS
========
⚠ .vscodeignore missing pattern: node_modules/
⚠ .vscodeignore missing pattern: .git/
⚠ No LICENSE file found

✅ ALL TESTS PASSED!
